// Jest Snapshot v1, https://goo.gl/fbAQLP

exports[`should render the CardList component 1`] = `
<div>
  <Card
    email="test@test.com"
    id={1}
    key="0"
    name="Test Name 2"
  />
</div>
`;
