// Jest Snapshot v1, https://goo.gl/fbAQLP

exports[`should render the CounterButton component 1`] = `
<button
  color="red"
  id="counter"
  onClick={[Function]}
>
  Count: 
  1
</button>
`;
