// Jest Snapshot v1, https://goo.gl/fbAQLP

exports[`should render the Scroll wrapper component 1`] = `
<div
  style={
    Object {
      "border": "5px solid black",
      "height": "800px",
      "overflow": "scroll",
    }
  }
>
  <div>
    Test
  </div>
</div>
`;
